[
  {
    "timestamp": "2026-09-08T18:09:50.016Z",
    "message": "❌ Error fetching week 1:",
    "data": "Unexpected token < in JSON at position 0"
  },
  {
    "timestamp": "2026-09-08T18:09:50.033Z",
    "message": "❌ Error fetching week 2:",
    "data": "Unexpected token < in JSON at position 0"
  },
  {
    "timestamp": "2026-09-08T18:09:50.065Z",
    "message": "❌ Error fetching week 3:",
    "data": "Unexpected token < in JSON at position 0"
  },
  {
    "timestamp": "2026-09-08T18:09:50.086Z",
    "message": "❌ Error fetching week 4:",
    "data": "Unexpected token < in JSON at position 0"
  },
  {
    "timestamp": "2026-09-08T18:09:50.108Z",
    "message": "❌ Error fetching week 5:",
    "data": "Unexpected token < in JSON at position 0"
  },
  {
    "timestamp": "2026-09-08T18:09:50.136Z",
    "message": "❌ Error fetching week 6:",
    "data": "Unexpected token < in JSON at position 0"
  },
  {
    "timestamp": "2026-09-08T18:09:50.167Z",
    "message": "❌ Error fetching week 7:",
    "data": "Unexpected token < in JSON at position 0"
  },
  {
    "timestamp": "2026-09-08T18:09:50.185Z",
    "message": "❌ Error fetching week 8:",
    "data": "Unexpected token < in JSON at position 0"
  },
  {
    "timestamp": "2026-09-08T18:09:50.229Z",
    "message": "❌ Error fetching week 9:",
    "data": "Unexpected token < in JSON at position 0"
  },
  {
    "timestamp": "2026-09-08T18:09:50.262Z",
    "message": "❌ Error fetching week 10:",
    "data": "Unexpected token < in JSON at position 0"
  },
  {
    "timestamp": "2026-09-08T18:09:50.279Z",
    "message": "❌ Error fetching week 11:",
    "data": "Unexpected token < in JSON at position 0"
  },
  {
    "timestamp": "2026-09-08T18:09:50.298Z",
    "message": "❌ Error fetching week 12:",
    "data": "Unexpected token < in JSON at position 0"
  },
  {
    "timestamp": "2026-09-08T18:09:50.323Z",
    "message": "❌ Error fetching week 13:",
    "data": "Unexpected token < in JSON at position 0"
  },
  {
    "timestamp": "2026-09-08T18:09:50.340Z",
    "message": "❌ Error fetching week 14:",
    "data": "Unexpected token < in JSON at position 0"
  },
  {
    "timestamp": "2026-09-08T18:09:50.359Z",
    "message": "❌ Error fetching week 15:",
    "data": "Unexpected token < in JSON at position 0"
  },
  {
    "timestamp": "2026-09-08T18:09:50.387Z",
    "message": "❌ Error fetching week 16:",
    "data": "Unexpected token < in JSON at position 0"
  },
  {
    "timestamp": "2026-09-08T18:09:50.468Z",
    "message": "❌ Error fetching week 17:",
    "data": "Unexpected token < in JSON at position 0"
  },
  {
    "timestamp": "2026-09-08T18:09:50.488Z",
    "message": "❌ Error fetching week 18:",
    "data": "Unexpected token < in JSON at position 0"
  },
  {
    "timestamp": "2026-09-08T18:09:50.506Z",
    "message": "📊 Processed 0 completed games",
    "data": null
  },
  {
    "timestamp": "2026-09-08T18:09:50.506Z",
    "message": "📊 Games with boxscore statistics: 0/0",
    "data": null
  },
  {
    "timestamp": "2026-09-08T18:09:50.506Z",
    "message": "📊 Teams with rushing yards: 0/32",
    "data": null
  },
  {
    "timestamp": "2026-09-08T18:09:50.506Z",
    "message": "📊 Teams with passing yards: 0/32",
    "data": null
  },
  {
    "timestamp": "2026-09-08T18:09:50.506Z",
    "message": "📊 Sample team stats:",
    "data": "{\n  \"Arizona Cardinals\": {\n    \"gamesPlayed\": 0,\n    \"rushYards\": 0,\n    \"passYards\": 0,\n    \"rushYardsAllowed\": 0,\n    \"passYardsAllowed\": 0,\n    \"pointsScored\": 0\n  },\n  \"Atlanta Falcons\": {\n    \"gamesPlayed\": 0,\n    \"rushYards\": 0,\n    \"passYards\": 0,\n    \"rushYardsAllowed\": 0,\n    \"passYardsAllowed\": 0,\n    \"pointsScored\": 0\n  },\n  \"Baltimore Ravens\": {\n    \"gamesPlayed\": 0,\n    \"rushYards\": 0,\n    \"passYards\": 0,\n    \"rushYardsAllowed\": 0,\n    \"passYardsAllowed\": 0,\n    \"pointsScored\": 0\n  }\n}"
  }
]